﻿
> mrn-mulla-kirana@2.0.0 build
> vite build

--------------------------------------------------
≡ƒÅù∩╕Å  BUILDING MODE: customer (default)
--------------------------------------------------
[36mvite v6.4.1 [32mbuilding for production...[36m[39m
transforming...
[32mΓ£ô[39m 41 modules transformed.
node.exe : [31mΓ£ù[39m 
Build failed in 7.22s
At line:1 char:1
+ & "C:\Program 
Files\nodejs/node.exe" "C:\U
sers\Faheem\AppData\Roaming 
...
+ ~~~~~~~~~~~~~~~~~~~~~~~~~~
~~~~~~~~~~~~~~~~~~~~~~~~~~~~
~~~~~~~~~~~~~~~
    + CategoryInfo          
    : NotSpecified: ([31m  
  Γ£ù[39m Build failed i   
 n 7.22s:String) [], Rem    
oteException
    + FullyQualifiedErrorId 
    : NativeCommandError
 
[31merror during build:
[31m[vite]: Rollup failed 
to resolve import "@capacito
r-community/text-to-speech" 
from "C:/Users/Faheem/MRN 
MULLA 2.0/src/pages/admin/Ad
minDashboard.jsx".
This is most likely 
unintended because it can 
break your application at 
runtime.
If you do want to 
externalize this module 
explicitly add it to
`build.rollupOptions.externa
l`[31m
    at viteLog (file:///C:/U
sers/Faheem/MRN%20MULLA%202.
0/node_modules/vite/dist/nod
e/chunks/dep-D4NMHUTW.js:463
74:15)
    at file:///C:/Users/Fahe
em/MRN%20MULLA%202.0/node_mo
dules/vite/dist/node/chunks/
dep-D4NMHUTW.js:46432:18
    at onwarn (file:///C:/Us
ers/Faheem/MRN%20MULLA%202.0
/node_modules/@vitejs/plugin
-react/dist/index.js:90:7)
    at file:///C:/Users/Fahe
em/MRN%20MULLA%202.0/node_mo
dules/vite/dist/node/chunks/
dep-D4NMHUTW.js:46430:7
    at onRollupLog (file:///
C:/Users/Faheem/MRN%20MULLA%
202.0/node_modules/vite/dist
/node/chunks/dep-D4NMHUTW.js
:46422:5)
    at onLog (file:///C:/Use
rs/Faheem/MRN%20MULLA%202.0/
node_modules/vite/dist/node/
chunks/dep-D4NMHUTW.js:46072
:7)
    at file:///C:/Users/Fahe
em/MRN%20MULLA%202.0/node_mo
dules/rollup/dist/es/shared/
node-entry.js:20958:32
    at Object.logger [as 
onLog] (file:///C:/Users/Fah
eem/MRN%20MULLA%202.0/node_m
odules/rollup/dist/es/shared
/node-entry.js:22945:9)
    at ModuleLoader.handleIn
validResolvedId (file:///C:/
Users/Faheem/MRN%20MULLA%202
.0/node_modules/rollup/dist/
es/shared/node-entry.js:2168
9:26)
    at file:///C:/Users/Fahe
em/MRN%20MULLA%202.0/node_mo
dules/rollup/dist/es/shared/
node-entry.js:21647:26[39m
